[
  {
    "type": "block_metadata_transaction",
    "version": "1",
    "hash": "0x0e0cb6fdbb86c985d70fab0d97b0b267a0166fa573f9a29925e65b24ccbf0919",
    "state_root_hash": "0x6308baeb444994e614cb6c595f98fa2175506326125b5f881cac6e8d2b981252",
    "event_root_hash": "0x56067dfe53fddd2a8e108821c8d23709eb838e15b31cf18319797115b10e8bb2",
    "gas_used": "0",
    "success": true,
    "vm_status": "Executed successfully",
    "accumulator_root_hash": "0xbdb8a77a17ae759877451c5411bd4fc520d863b6edb5ea1b24262d344ff332b1",
    "changes": [
      {
        "type": "write_resource",
        "address": "0xa550c18",
        "state_key_hash": "0x7e8bea72fc5af8587e37495c9bcbf1a1ed13674251622b4ed373884bf9749972",
        "data": {
          "type": "0x1::Block::BlockMetadata",
          "data": {
            "epoch_internal": "86400000000",
            "height": "1",
            "new_block_events": {
              "counter": "1",
              "guid": {
                "guid": {
                  "id": {
                    "addr": "0xa550c18",
                    "creation_num": "5"
                  }
                },
                "len_bytes": 40
              }
            }
          }
        }
      },
      {
        "type": "write_resource",
        "address": "0xa550c18",
        "state_key_hash": "0x3ca60dda914f0541ea08b55c9d4b0952e032e54065e1876b5d41cdcff924ae6b",
        "data": {
          "type": "0x1::Timestamp::CurrentTimeMicroseconds",
          "data": {
            "microseconds": "1"
          }
        }
      }
    ],
    "id": "0xf44b581f23222c10916b17a369b4da039d075952b58036f2a7b561446592403c",
    "epoch": "0",
    "round": "1",
    "previous_block_votes": [
      false,
      false
    ],
    "proposer": "1",
    "timestamp": "1"
  },
  {
    "type": "user_transaction",
    "version": "2",
    "hash": "0x18073cb2536317833aa630d30062383a1f00221dd3604bbce19cd262813e6c36",
    "state_root_hash": "0x2b1f73c16b539e4ba777ba5f308fa286761cbb1c74b31b3bfd179d56005c16af",
    "event_root_hash": "0x414343554d554c41544f525f504c414345484f4c4445525f4841534800000000",
    "gas_used": "92",
    "success": true,
    "vm_status": "Executed successfully",
    "accumulator_root_hash": "0xa08f2a9f304b670938cead89f11a3a8e6ba40356b556dbe494b99afe4bbc81eb",
    "changes": [
      {
        "type": "write_resource",
        "address": "0xa550c18",
        "state_key_hash": "0xa85a3f04345fb96b11d0e4f8b85a04475452f309d6305d8a4de891bd22392995",
        "data": {
          "type": "0x1::Account::Account",
          "data": {
            "authentication_key": "0x7deeccb1080854f499ec8b4c1b213b82c5e34b925cf6875fec02d4b77adbd2d6",
            "self_address": "0xa550c18",
            "sequence_number": "1"
          }
        }
      },
      {
        "type": "write_resource",
        "address": "0xa550c18",
        "state_key_hash": "0x6b3ef01fe5ffd2a5a4bc8921a900ff6281fce77cda659e1b89c93a08e7a6507f",
        "data": {
          "type": "0x1::TestCoin::Balance",
          "data": {
            "coin": {
              "value": "18446744073709551614"
            }
          }
        }
      },
      {
        "type": "write_resource",
        "address": "0xe60912ecb0a8c365d163d258f3b9f1b62f8f9148c207643864d7ed4a2b23159",
        "state_key_hash": "0xef168b1e7ff11082ccb95c00354bce60695449d7fc4b0c83b481a95133bbc9ce",
        "data": {
          "type": "0x1::Account::Account",
          "data": {
            "authentication_key": "0x0e60912ecb0a8c365d163d258f3b9f1b62f8f9148c207643864d7ed4a2b23159",
            "self_address": "0xe60912ecb0a8c365d163d258f3b9f1b62f8f9148c207643864d7ed4a2b23159",
            "sequence_number": "0"
          }
        }
      },
      {
        "type": "write_resource",
        "address": "0xe60912ecb0a8c365d163d258f3b9f1b62f8f9148c207643864d7ed4a2b23159",
        "state_key_hash": "0xb578f1f36209c64335508215430e2f9dea45efaf53b8941995ae8f2324109fe9",
        "data": {
          "type": "0x1::GUID::Generator",
          "data": {
            "counter": "2"
          }
        }
      },
      {
        "type": "write_resource",
        "address": "0xe60912ecb0a8c365d163d258f3b9f1b62f8f9148c207643864d7ed4a2b23159",
        "state_key_hash": "0x78b4fe92df14f1bbb0363a2fe287f1d97c7f42bb48cbf38ce43f726da5ce9194",
        "data": {
          "type": "0x1::TestCoin::Balance",
          "data": {
            "coin": {
              "value": "0"
            }
          }
        }
      },
      {
        "type": "write_resource",
        "address": "0xe60912ecb0a8c365d163d258f3b9f1b62f8f9148c207643864d7ed4a2b23159",
        "state_key_hash": "0x9598bca9766221a341f76a5fc7e818b2748060569637fcd2f59c6a7ccc01b313",
        "data": {
          "type": "0x1::TestCoin::TransferEvents",
          "data": {
            "received_events": {
              "counter": "0",
              "guid": {
                "guid": {
                  "id": {
                    "addr": "0xe60912ecb0a8c365d163d258f3b9f1b62f8f9148c207643864d7ed4a2b23159",
                    "creation_num": "1"
                  }
                },
                "len_bytes": 40
              }
            },
            "sent_events": {
              "counter": "0",
              "guid": {
                "guid": {
                  "id": {
                    "addr": "0xe60912ecb0a8c365d163d258f3b9f1b62f8f9148c207643864d7ed4a2b23159",
                    "creation_num": "0"
                  }
                },
                "len_bytes": 40
              }
            }
          }
        }
      }
    ],
    "sender": "0xa550c18",
    "sequence_number": "0",
    "max_gas_amount": "2000",
    "gas_unit_price": "0",
    "expiration_timestamp_secs": "18446744073709551615",
    "payload": {
      "type": "script_function_payload",
      "function": "0x1::Account::create_account",
      "type_arguments": [],
      "arguments": [
        "0xe60912ecb0a8c365d163d258f3b9f1b62f8f9148c207643864d7ed4a2b23159"
      ]
    },
    "signature": {
      "type": "ed25519_signature",
      "public_key": "0xb9c6ee1630ef3e711144a648db06bbb2284f7274cfbee53ffcee503cc1a49200",
      "signature": "0xb66feafc1e1b95ce33a8e25101a212cdfd4e94a7dfd85409ad538ce7fcc150b610326a97e688b1d02bb4703880631498588784c8128824671b219d6aca6edb04"
    },
    "events": [],
    "timestamp": "1"
  }
]
